>"""
#^^^ source.julia embed.docstring.julia string.docstring.julia punctuation.definition.string.begin.julia
>```@example
#^^^ source.julia embed.docstring.julia text.html.markdown embed.docstring.string.julia markup.fenced_code.block.markdown punctuation.definition.markdown
#   ^^^^^^^^ source.julia embed.docstring.julia text.html.markdown embed.docstring.string.julia markup.fenced_code.block.markdown fenced_code.block.language.markdown
>foo(3)
#^^^ source.julia embed.docstring.julia support.function.julia
#   ^ source.julia embed.docstring.julia meta.bracket.julia
#    ^ source.julia embed.docstring.julia constant.numeric.julia
#     ^ source.julia embed.docstring.julia meta.bracket.julia
>```
#^^^ source.julia embed.docstring.julia text.html.markdown embed.docstring.string.julia markup.fenced_code.block.markdown punctuation.definition.markdown
>"""
#^^^ source.julia embed.docstring.julia string.docstring.julia punctuation.definition.string.end.julia
>foo(x) = x + 1
#^^^ source.julia entity.name.function.julia
#   ^ source.julia meta.bracket.julia
#    ^ source.julia
#     ^ source.julia meta.bracket.julia
#      ^ source.julia
#       ^ source.julia keyword.operator.update.julia
#        ^^^ source.julia
#           ^ source.julia keyword.operator.arithmetic.julia
#            ^ source.julia
#             ^ source.julia constant.numeric.julia
>
