>"""
#^^^ source.julia embed.docstring.julia string.docstring.julia punctuation.definition.string.begin.julia
>```jldoctest
#^^^ source.julia embed.docstring.julia text.html.markdown embed.docstring.string.julia markup.fenced_code.block.markdown punctuation.definition.markdown
#   ^^^^^^^^^ source.julia embed.docstring.julia text.html.markdown embed.docstring.string.julia markup.fenced_code.block.markdown fenced_code.block.language.markdown
>julia> foo(1)
#^^^^^^ source.julia embed.docstring.julia punctuation.definition.prompt.julia-repl
#      ^ source.julia embed.docstring.julia
#       ^^^ source.julia embed.docstring.julia support.function.julia
#          ^ source.julia embed.docstring.julia meta.bracket.julia
#           ^ source.julia embed.docstring.julia constant.numeric.julia
#            ^ source.julia embed.docstring.julia meta.bracket.julia
>2
#^ source.julia embed.docstring.julia constant.numeric.julia
>```
#^^^ source.julia embed.docstring.julia text.html.markdown embed.docstring.string.julia markup.fenced_code.block.markdown punctuation.definition.markdown
>"""
#^^^ source.julia embed.docstring.julia string.docstring.julia punctuation.definition.string.end.julia
>foo(x) = x + 1
#^^^ source.julia entity.name.function.julia
#   ^ source.julia meta.bracket.julia
#    ^ source.julia
#     ^ source.julia meta.bracket.julia
#      ^ source.julia
#       ^ source.julia keyword.operator.update.julia
#        ^^^ source.julia
#           ^ source.julia keyword.operator.arithmetic.julia
#            ^ source.julia
#             ^ source.julia constant.numeric.julia
>
