>"""
#^^^ source.julia embed.docstring.julia string.docstring.julia punctuation.definition.string.begin.julia
>Use `θ₀` as the initial value, or ``\\alpha`` with double backticks.
#^^^^ source.julia embed.docstring.julia text.html.markdown embed.docstring.string.julia meta.paragraph.markdown
#    ^ source.julia embed.docstring.julia text.html.markdown embed.docstring.string.julia meta.paragraph.markdown markup.inline.raw.string.markdown punctuation.definition.raw.markdown
#     ^^ source.julia embed.docstring.julia text.html.markdown embed.docstring.string.julia meta.paragraph.markdown markup.inline.raw.string.markdown
#       ^ source.julia embed.docstring.julia text.html.markdown embed.docstring.string.julia meta.paragraph.markdown markup.inline.raw.string.markdown punctuation.definition.raw.markdown
#        ^^^^^^^^^^^^^^^^^^^^^^^^^^ source.julia embed.docstring.julia text.html.markdown embed.docstring.string.julia meta.paragraph.markdown
#                                  ^^ source.julia embed.docstring.julia text.html.markdown embed.docstring.string.julia meta.paragraph.markdown markup.inline.raw.string.markdown punctuation.definition.raw.markdown
#                                    ^^^^^^^ source.julia embed.docstring.julia text.html.markdown embed.docstring.string.julia meta.paragraph.markdown markup.inline.raw.string.markdown
#                                           ^^ source.julia embed.docstring.julia text.html.markdown embed.docstring.string.julia meta.paragraph.markdown markup.inline.raw.string.markdown punctuation.definition.raw.markdown
#                                             ^^^^^^^^^^^^^^^^^^^^^^^ source.julia embed.docstring.julia text.html.markdown embed.docstring.string.julia meta.paragraph.markdown
>Two spans: `a` and `b`; an unclosed `tick stays prose.
#^^^^^^^^^^^ source.julia embed.docstring.julia text.html.markdown embed.docstring.string.julia meta.paragraph.markdown
#           ^ source.julia embed.docstring.julia text.html.markdown embed.docstring.string.julia meta.paragraph.markdown markup.inline.raw.string.markdown punctuation.definition.raw.markdown
#            ^ source.julia embed.docstring.julia text.html.markdown embed.docstring.string.julia meta.paragraph.markdown markup.inline.raw.string.markdown
#             ^ source.julia embed.docstring.julia text.html.markdown embed.docstring.string.julia meta.paragraph.markdown markup.inline.raw.string.markdown punctuation.definition.raw.markdown
#              ^^^^^ source.julia embed.docstring.julia text.html.markdown embed.docstring.string.julia meta.paragraph.markdown
#                   ^ source.julia embed.docstring.julia text.html.markdown embed.docstring.string.julia meta.paragraph.markdown markup.inline.raw.string.markdown punctuation.definition.raw.markdown
#                    ^ source.julia embed.docstring.julia text.html.markdown embed.docstring.string.julia meta.paragraph.markdown markup.inline.raw.string.markdown
#                     ^ source.julia embed.docstring.julia text.html.markdown embed.docstring.string.julia meta.paragraph.markdown markup.inline.raw.string.markdown punctuation.definition.raw.markdown
#                      ^^^^^^^^^^^^^^^^^^^^^^^^^^^^^^^^ source.julia embed.docstring.julia text.html.markdown embed.docstring.string.julia meta.paragraph.markdown
>"""
#^^^ source.julia embed.docstring.julia string.docstring.julia punctuation.definition.string.end.julia
>inline_code(x) = x
#^^^^^^^^^^^ source.julia entity.name.function.julia
#           ^ source.julia meta.bracket.julia
#            ^ source.julia
#             ^ source.julia meta.bracket.julia
#              ^ source.julia
#               ^ source.julia keyword.operator.update.julia
#                ^^ source.julia
>
