>"""
#^^^ source.julia embed.docstring.julia string.docstring.julia punctuation.definition.string.begin.julia
>- first item
#^ source.julia embed.docstring.julia text.html.markdown markup.list.unnumbered.markdown embed.docstring.string.julia punctuation.definition.list.begin.markdown
# ^ source.julia embed.docstring.julia text.html.markdown markup.list.unnumbered.markdown
#  ^^^^^^^^^^ source.julia embed.docstring.julia text.html.markdown markup.list.unnumbered.markdown embed.docstring.string.julia meta.paragraph.markdown
>  continued
#^^ source.julia embed.docstring.julia text.html.markdown markup.list.unnumbered.markdown
#  ^^^^^^^^^ source.julia embed.docstring.julia text.html.markdown markup.list.unnumbered.markdown embed.docstring.string.julia meta.paragraph.markdown
>- second `item`
#^ source.julia embed.docstring.julia text.html.markdown markup.list.unnumbered.markdown embed.docstring.string.julia punctuation.definition.list.begin.markdown
# ^ source.julia embed.docstring.julia text.html.markdown markup.list.unnumbered.markdown
#  ^^^^^^^ source.julia embed.docstring.julia text.html.markdown markup.list.unnumbered.markdown embed.docstring.string.julia meta.paragraph.markdown
#         ^ source.julia embed.docstring.julia text.html.markdown markup.list.unnumbered.markdown embed.docstring.string.julia meta.paragraph.markdown markup.inline.raw.string.markdown punctuation.definition.raw.markdown
#          ^^^^ source.julia embed.docstring.julia text.html.markdown markup.list.unnumbered.markdown embed.docstring.string.julia meta.paragraph.markdown markup.inline.raw.string.markdown
#              ^ source.julia embed.docstring.julia text.html.markdown markup.list.unnumbered.markdown embed.docstring.string.julia meta.paragraph.markdown markup.inline.raw.string.markdown punctuation.definition.raw.markdown
>  1. nested
#^^ source.julia embed.docstring.julia text.html.markdown markup.list.unnumbered.markdown
#  ^^ source.julia embed.docstring.julia text.html.markdown markup.list.unnumbered.markdown markup.list.numbered.markdown embed.docstring.string.julia punctuation.definition.list.begin.markdown
#    ^ source.julia embed.docstring.julia text.html.markdown markup.list.unnumbered.markdown markup.list.numbered.markdown
#     ^^^^^^ source.julia embed.docstring.julia text.html.markdown markup.list.unnumbered.markdown markup.list.numbered.markdown embed.docstring.string.julia meta.paragraph.markdown
>     more
#^^^^ source.julia embed.docstring.julia text.html.markdown markup.list.unnumbered.markdown
#    ^ source.julia embed.docstring.julia text.html.markdown markup.list.unnumbered.markdown embed.docstring.string.julia meta.paragraph.markdown
#     ^^^^ source.julia embed.docstring.julia text.html.markdown markup.list.unnumbered.markdown embed.docstring.string.julia meta.paragraph.markdown
>
>After the list.
#^^^^^^^^^^^^^^^ source.julia embed.docstring.julia text.html.markdown embed.docstring.string.julia meta.paragraph.markdown
>"""
#^^^ source.julia embed.docstring.julia string.docstring.julia punctuation.definition.string.end.julia
>list(x) = x
#^^^^ source.julia entity.name.function.julia
#    ^ source.julia meta.bracket.julia
#     ^ source.julia
#      ^ source.julia meta.bracket.julia
#       ^ source.julia
#        ^ source.julia keyword.operator.update.julia
#         ^^ source.julia
>
