>"""
#^^^ source.julia embed.docstring.julia string.docstring.julia punctuation.definition.string.begin.julia
>    run_mle(l, θ₀)
#^^^^ source.julia embed.docstring.julia
#    ^^^^^^^ source.julia embed.docstring.julia support.function.julia
#           ^ source.julia embed.docstring.julia meta.bracket.julia
#            ^ source.julia embed.docstring.julia
#             ^ source.julia embed.docstring.julia punctuation.separator.comma.julia
#              ^^^ source.julia embed.docstring.julia
#                 ^ source.julia embed.docstring.julia meta.bracket.julia
>
>Runs MLE estimation.
#^^^^^^^^^^^^^^^^^^^^ source.julia embed.docstring.julia text.html.markdown embed.docstring.string.julia meta.paragraph.markdown
>"""
#^^^ source.julia embed.docstring.julia string.docstring.julia punctuation.definition.string.end.julia
>run_mle(l, θ₀) = l
#^^^^^^^ source.julia entity.name.function.julia
#       ^ source.julia meta.bracket.julia
#        ^ source.julia
#         ^ source.julia punctuation.separator.comma.julia
#          ^^^ source.julia
#             ^ source.julia meta.bracket.julia
#              ^ source.julia
#               ^ source.julia keyword.operator.update.julia
#                ^^ source.julia
>
