>"""
#^^^ source.julia string.docstring.julia punctuation.definition.string.begin.julia
>```julia
#^^^ source.julia string.docstring.julia text.docstring.julia markup.fenced_code.block.markdown punctuation.definition.markdown
#   ^^^^^ source.julia string.docstring.julia text.docstring.julia markup.fenced_code.block.markdown fenced_code.block.language.markdown
>x = "abc
#^^ source.julia string.docstring.julia text.docstring.julia markup.fenced_code.block.markdown meta.embedded.block.julia
#  ^ source.julia string.docstring.julia text.docstring.julia markup.fenced_code.block.markdown meta.embedded.block.julia keyword.operator.update.julia
#   ^ source.julia string.docstring.julia text.docstring.julia markup.fenced_code.block.markdown meta.embedded.block.julia
#    ^ source.julia string.docstring.julia text.docstring.julia markup.fenced_code.block.markdown meta.embedded.block.julia string.quoted.double.julia punctuation.definition.string.begin.julia
#     ^^^ source.julia string.docstring.julia text.docstring.julia markup.fenced_code.block.markdown meta.embedded.block.julia string.quoted.double.julia
>```
#^^^ source.julia string.docstring.julia text.docstring.julia markup.fenced_code.block.markdown punctuation.definition.markdown
>After fence.
#^^^^^^^^^^^^ source.julia string.docstring.julia text.docstring.julia
>"""
#^^^ source.julia string.docstring.julia punctuation.definition.string.end.julia
>z = 1
#^^ source.julia
#  ^ source.julia keyword.operator.update.julia
#   ^ source.julia
#    ^ source.julia constant.numeric.julia
>
